  data_list [1.557] -> [{'id': 181857, 'first_name': 'Catherine', 'last_n...
  *  *  data_list [0.05] -> [{'id': 181857, 'first_name': 'Catherine', 'last_n...
  *  process_data [0.089 : 0.039] -> {'size': 141, 'age': {'count': TiedValue(44, [3784...
  *  data_list [0.026] -> [{'id': 181857, 'first_name': 'Catherine', 'last_n...
  get_all_properties [0.129 : 0.013] -> [{'id': '892a4d28e302f8b5.age', 'name': 'Возраст',...
  *  get_connections [0.085] -> {181857: [2999879, 13759701, 68559338, 123543974, ...
  get_entities [0.09 : 0.005] -> {'connections': {'vku_181857': ['vku_2999879', 'vk...
represent [1.796 : 0.019] -> {'clusters': {'items': [{'properties': {'all': [{'...
  data_list [0.072] -> [{'id': 216456, 'first_name': 'Александр', 'last_n...
  *  *  data_list [0.07] -> [{'id': 216456, 'first_name': 'Александр', 'last_n...
  *  process_data [0.158 : 0.088] -> {'size': 634, 'age': {'count': TiedValue(250, [469...
  get_all_properties [0.19 : 0.032] -> [{'id': 'c5a420afffb2aa38.age', 'name': 'Возраст',...
  *  get_connections [1.702] -> {216456: [362289, 1712504, 2153814, 3610776, 55474...
  get_entities [1.723 : 0.02] -> {'connections': {'vku_216456': ['vku_362289', 'vku...
represent [2.008 : 0.022] -> {'clusters': {'items': [{'properties': {'all': [{'...
represent [0.011 : 0.0] -> {'clusters': {'items': [{'properties': {'all': [{'...
wrapper [0.01 : 0.003] -> <module_vk.vkcommunity.VKCommunity object at 0x7fc...
  data_list [1.215] -> [{'id': 19250, 'first_name': 'Егор', 'last_name': ...
  *  *  data_list [0.016] -> [{'id': 19250, 'first_name': 'Егор', 'last_name': ...
  *  process_data [0.033 : 0.018] -> {'size': 156, 'age': {'count': TiedValue(60, [1461...
  get_all_properties [0.049 : 0.015] -> [{'id': 'd1ebf243ec0a6e21.age', 'name': 'Возраст',...
  *  get_connections [2.657] -> {19250: [100761, 158514, 206881, 224629, 982653, 1...
  get_entities [2.66 : 0.003] -> {'connections': {'vku_19250': ['vku_100761', 'vku_...
represent [3.93 : 0.006] -> {'clusters': {'items': [{'properties': {'all': [{'...
represent [0.012 : 0.0] -> {'clusters': {'items': [{'properties': {'all': [{'...
  data_list [0.018] -> [{'id': 181857, 'first_name': 'Catherine', 'last_n...
  *  *  data_list [0.017] -> [{'id': 181857, 'first_name': 'Catherine', 'last_n...
  *  process_data [0.035 : 0.018] -> {'size': 141, 'age': {'count': TiedValue(44, [3784...
  get_all_properties [0.044 : 0.009] -> [{'id': '892a4d28e302f8b5.age', 'name': 'Возраст',...
  *  get_connections [0.068] -> {181857: [2999879, 13759701, 68559338, 123543974, ...
  get_entities [0.071 : 0.004] -> {'connections': {'vku_181857': ['vku_2999879', 'vk...
represent [0.141 : 0.006] -> {'clusters': {'items': [{'properties': {'all': [{'...
get_connections [0.087] -> {181857: [2999879, 13759701, 68559338, 123543974, ...
  *  data_list [0.018] -> [{'id': 181857, 'first_name': 'Catherine', 'last_n...
  process_data [0.036 : 0.018] -> {'size': 141, 'age': {'count': TiedValue(44, [3784...
  data_list [0.026] -> [{'id': 181857, 'first_name': 'Catherine', 'last_n...
get_all_properties [0.077 : 0.015] -> [{'id': '892a4d28e302f8b5.age', 'name': 'Возраст',...
  get_connections [0.077] -> {181857: [2999879, 13759701, 68559338, 123543974, ...
get_entities [0.083 : 0.006] -> {'connections': {'vku_181857': ['vku_2999879', 'vk...
  process_data [0.022 : 0.012] -> {'size': 47, 'age': {'count': TiedValue(14, [37842...
get_all_properties [0.038 : 0.006] -> [{'id': 'bf69edfdf2cdf129.age', 'name': 'Возраст',...
  get_connections [0.017] -> {181857: [13759701, 68559338, 123543974, 140878439...
get_entities [0.018 : 0.002] -> {'connections': {'vku_181857': ['vku_13759701', 'v...
  process_data [0.018 : 0.009] -> {'size': 36, 'age': {'count': TiedValue(14, [21963...
get_all_properties [0.032 : 0.005] -> [{'id': '5f0d280ba5d21e73.age', 'name': 'Возраст',...
  get_connections [0.013] -> {362289: [1384602, 17778872, 24792293, 79621459, 9...
get_entities [0.014 : 0.001] -> {'connections': {'vku_362289': ['vku_1384602', 'vk...
get_all_properties [0.016 : 0.002] -> [{'id': '1ce920aaa9af0556.age', 'name': 'Возраст',...
get_all_properties [0.013 : 0.002] -> [{'id': 'e2d2cdb8d679ddb8.age', 'name': 'Возраст',...
get_all_properties [0.011 : 0.002] -> [{'id': 'a11bcdf5a32c5704.age', 'name': 'Возраст',...
get_all_properties [0.013 : 0.002] -> [{'id': 'c5874c754527a305.age', 'name': 'Возраст',...
get_connections [0.083] -> {181857: [2999879, 13759701, 68559338, 123543974, ...
get_connections [0.082] -> {181857: [2999879, 13759701, 68559338, 123543974, ...
  data_list [0.413] -> [{'id': 2156233, 'first_name': 'Сергей', 'last_nam...
  *  get_connections [0.53] -> {2156233: []}
  get_entities [0.53 : 0.0] -> {'connections': {'vku_2156233': []}, 'items': [{'i...
represent [0.948 : 0.0] -> {'clusters': {'items': [{'properties': {'all': [{'...
wrapper [0.012 : 0.002] -> <module_vk.vkcommunity.VKCommunity object at 0x7f0...
  data_list [0.699] -> [{'id': 208693, 'first_name': 'Саша', 'last_name':...
  *  *  data_list [0.019] -> [{'id': 208693, 'first_name': 'Саша', 'last_name':...
  *  process_data [0.032 : 0.013] -> {'size': 98, 'age': {'count': TiedValue(49, [51147...
  get_all_properties [0.041 : 0.008] -> [{'id': 'dddf53f1a8333cea.age', 'name': 'Возраст',...
  *  get_connections [2.314] -> {208693: [], 211097: [412320, 1335890, 2156233, 31...
  get_entities [2.316 : 0.002] -> {'connections': {'vku_208693': [], 'vku_211097': [...
represent [3.063 : 0.006] -> {'clusters': {'items': [{'properties': {'all': [{'...
get_connections [0.048] -> {208693: [], 211097: [412320, 1335890, 2156233, 31...
  process_data [0.018 : 0.008] -> {'size': 98, 'age': {'count': TiedValue(49, [51147...
  data_list [0.011] -> [{'id': 208693, 'first_name': 'Саша', 'last_name':...
get_all_properties [0.035 : 0.006] -> [{'id': 'dddf53f1a8333cea.age', 'name': 'Возраст',...
  get_connections [0.044] -> {208693: [], 211097: [412320, 1335890, 2156233, 31...
get_entities [0.046 : 0.002] -> {'connections': {'vku_208693': [], 'vku_211097': [...
  process_data [0.01 : 0.006] -> {'size': 33, 'age': {'count': TiedValue(16, [19700...
get_all_properties [0.017 : 0.003] -> [{'id': 'e25f6d9c8caabee6.age', 'name': 'Возраст',...
  get_connections [0.011] -> {208693: [], 415135: [2620402], 494587: [855417, 2...
get_entities [0.012 : 0.001] -> {'connections': {'vku_208693': [], 'vku_415135': [...
get_all_properties [0.013 : 0.003] -> [{'id': '058229e50b8646ea.age', 'name': 'Возраст',...
get_all_properties [0.013 : 0.002] -> [{'id': '8f7ef59a0034c8eb.age', 'name': 'Возраст',...
get_all_properties [0.011 : 0.002] -> [{'id': '9fa6798e77ef7664.age', 'name': 'Возраст',...
get_all_properties [0.011 : 0.003] -> [{'id': 'd0d67490c9e48619.age', 'name': 'Возраст',...
get_connections [0.05] -> {208693: [], 211097: [412320, 1335890, 2156233, 31...
get_connections [0.06] -> {208693: [], 211097: [412320, 1335890, 2156233, 31...
  data_list [0.014] -> [{'id': 245089915, 'first_name': 'Борис', 'last_na...
wrapper [0.016 : 0.002] -> <module_vk.vkcommunity.VKCommunity object at 0x7f0...
  data_list [0.021] -> [{'id': 181857, 'first_name': 'Catherine', 'last_n...
  *  *  data_list [0.021] -> [{'id': 181857, 'first_name': 'Catherine', 'last_n...
  *  process_data [0.043 : 0.022] -> {'size': 141, 'age': {'count': TiedValue(44, [3784...
  get_all_properties [0.053 : 0.01] -> [{'id': '892a4d28e302f8b5.age', 'name': 'Возраст',...
  *  get_connections [0.074] -> {181857: [2999879, 13759701, 68559338, 123543974, ...
  get_entities [0.081 : 0.007] -> {'connections': {'vku_181857': ['vku_2999879', 'vk...
represent [0.164 : 0.008] -> {'clusters': {'items': [{'properties': {'all': [{'...
represent [0.016 : 0.0] -> {'clusters': {'items': [{'properties': {'all': [{'...
wrapper [0.011 : 0.001] -> <module_vk.vkcommunity.VKCommunity object at 0x7f0...
  data_list [1.035] -> [{'id': 586092, 'first_name': 'Антон', 'last_name'...
  *  *  data_list [0.015] -> [{'id': 586092, 'first_name': 'Антон', 'last_name'...
  *  process_data [0.311 : 0.296] -> {'size': 127, 'age': {'count': TiedValue(44, [5820...
  get_all_properties [0.325 : 0.014] -> [{'id': '3d1cd2928f5f119f.age', 'name': 'Возраст',...
  *  get_connections [2.342] -> {586092: [6393725], 3297758: [493754172], 4262614:...
  get_entities [2.345 : 0.002] -> {'connections': {'vku_586092': ['vku_6393725'], 'v...
represent [3.713 : 0.006] -> {'clusters': {'items': [{'properties': {'all': [{'...
get_connections [0.087] -> {586092: [6393725], 3297758: [493754172], 4262614:...
  *  data_list [0.01] -> [{'id': 586092, 'first_name': 'Антон', 'last_name'...
  process_data [0.026 : 0.015] -> {'size': 127, 'age': {'count': TiedValue(44, [5820...
  data_list [0.011] -> [{'id': 586092, 'first_name': 'Антон', 'last_name'...
get_all_properties [0.044 : 0.007] -> [{'id': '3d1cd2928f5f119f.age', 'name': 'Возраст',...
  get_connections [0.088] -> {586092: [6393725], 3297758: [493754172], 4262614:...
get_entities [0.09 : 0.003] -> {'connections': {'vku_586092': ['vku_6393725'], 'v...
get_all_properties [0.016 : 0.003] -> [{'id': '0e9686bea7049f3d.age', 'name': 'Возраст',...
get_all_properties [0.014 : 0.003] -> [{'id': '6c4d7537754f1a3f.age', 'name': 'Возраст',...
get_all_properties [0.014 : 0.003] -> [{'id': 'a8d2974d85cbf9b4.age', 'name': 'Возраст',...
  process_data [0.022 : 0.013] -> {'size': 73, 'age': {'count': TiedValue(27, [58205...
get_all_properties [0.037 : 0.005] -> [{'id': 'c89b02d876025e8a.age', 'name': 'Возраст',...
  get_connections [0.03] -> {3297758: [493754172], 7418686: [493754172], 44215...
get_entities [0.032 : 0.002] -> {'connections': {'vku_3297758': ['vku_493754172'],...
get_connections [0.077] -> {586092: [6393725], 3297758: [493754172], 4262614:...
get_connections [0.085] -> {586092: [6393725], 3297758: [493754172], 4262614:...
wrapper [0.466] -> <module_vk.vkgroups.VKGroups object at 0x7f07bffbb...
  data_list [0.011] -> [{'id': 353578334, 'first_name': 'Misha', 'last_na...
represent [0.018 : 0.0] -> {'clusters': {'items': [{'properties': {'all': [{'...
  data_list [0.117] -> [{'id': 245089915, 'first_name': 'Борис', 'last_na...
  get_all_properties [0.01 : 0.003] -> [{'id': '6eca0c4066a10cac.age', 'name': 'Возраст',...
  *  get_connections [0.484] -> {245089915: [353578334], 315999000: [], 353578334:...
  get_entities [0.485 : 0.001] -> {'connections': {'vku_245089915': ['vku_353578334'...
represent [0.615 : 0.002] -> {'clusters': {'items': [{'properties': {'all': [{'...
wrapper [0.474 : 0.466] -> <module_vk.vkgroups.VKGroups object at 0x7f07bf081...
wrapper [0.03 : 0.023] -> <module_vk.vkgroups.VKGroups object at 0x7f07bf2e2...
  data_list [0.38] -> [{'id': 115199043, 'first_name': 'Евгения', 'last_...
  *  process_data [0.014 : 0.006] -> {'size': 20, 'age': {'count': TiedValue(9, [159212...
  get_all_properties [0.018 : 0.004] -> [{'id': '8d130bca10d248d8.age', 'name': 'Возраст',...
  *  get_connections [0.558] -> {115199043: [], 13772343: [], 29363279: [], 159212...
  get_entities [0.559 : 0.001] -> {'connections': {'vku_115199043': [], 'vku_1377234...
represent [0.962 : 0.004] -> {'clusters': {'items': [{'properties': {'all': [{'...
  data_list [0.199] -> [{'id': 272539771, 'first_name': 'Борис', 'last_na...
  *  process_data [0.017 : 0.008] -> {'size': 14, 'age': {'count': TiedValue(7, [272539...
  get_all_properties [0.02 : 0.003] -> [{'id': '20fb75713e39e859.age', 'name': 'Возраст',...
  *  get_connections [0.431] -> {272539771: [], 9182296: [], 545495: [], 56133937:...
  get_entities [0.433 : 0.001] -> {'connections': {'vku_272539771': [], 'vku_9182296...
represent [0.656 : 0.003] -> {'clusters': {'items': [{'properties': {'all': [{'...
  data_list [0.01] -> [{'id': 493754172, 'first_name': 'Misha', 'last_na...
  *  *  data_list [0.011] -> [{'id': 493754172, 'first_name': 'Misha', 'last_na...
  *  process_data [0.024 : 0.013] -> {'size': 15, 'age': {'count': TiedValue(6, [192986...
  get_all_properties [0.027 : 0.003] -> [{'id': 'd491f36a0e3cad4b.age', 'name': 'Возраст',...
  *  get_connections [0.015] -> {493754172: [], 145675539: [], 353578334: [], 1929...
  get_entities [0.015 : 0.0] -> {'connections': {'vku_493754172': [], 'vku_1456755...
represent [0.056 : 0.003] -> {'clusters': {'items': [{'properties': {'all': [{'...
